../Core/Src/main.c:94:5:main	136	static
../Core/Src/main.c:187:6:SystemClock_Config	88	static
../Core/Src/main.c:229:13:MX_ADC1_Init	24	static
../Core/Src/main.c:281:13:MX_I2C1_Init	8	static
../Core/Src/main.c:315:13:MX_USART6_UART_Init	8	static
../Core/Src/main.c:348:13:MX_GPIO_Init	48	static
../Core/Src/main.c:394:6:wifi_init	8	static
../Core/Src/main.c:412:6:SWMS_Config1	8	static
../Core/Src/main.c:459:6:SW_Enter	24	static
../Core/Src/main.c:515:6:Task1_ReadRTC_WriteLCD_1Sec	32	static
../Core/Src/main.c:567:6:Task4_SWMS_Config	16	static
../Core/Src/main.c:602:6:Task3_Check_InternetStatus	16	static
../Core/Src/main.c:620:6:Task2_ReadLM35_WriteLCD_5Sec	16	static
../Core/Src/main.c:666:6:HAL_TIM_PeriodElapsedCallback	16	static
../Core/Src/main.c:683:6:Error_Handler	4	static,ignoring_inline_asm
